python : Creating test database for alias 'defa
ult' ('file:memorydb_default?mode=memory&cache=
shared')...
위치 줄:1 문자:1
+ python manage.py test autoarticle.tests.test_
rag -v 2 > test_output.t ...
+ ~~~~~~~~~~~~~~~~~~~~~~~~~~~~~~~~~~~~~~~~~~~~~
~~~~~~~~~~~~~~~~~~~~~~~~
    + CategoryInfo          : NotSpecified: (C 
   reating test d...che=shared')...:String) [  
  ], RemoteException
    + FullyQualifiedErrorId : NativeCommandErr 
   or
 

================================================================================
[CLOUDINARY] Environment variable check
================================================================================
CLOUDINARY_URL: SET
CLOUDINARY_CLOUD_NAME: dl5pq1o6o
CLOUDINARY_API_KEY: 7196...
CLOUDINARY_API_SECRET: SET
[CLOUDINARY] Parsing CLOUDINARY_URL...
[OK] Parsing success - CLOUD_NAME: dl5pq1o6o
[OK] Cloudinary library initialized: dl5pq1o6o
[CLOUDINARY] USE_CLOUDINARY = True
[OK] STORAGES and DEFAULT_FILE_STORAGE configured for Cloudinary
================================================================================
Found 1 test(s).
Operations to perform:
  Synchronize unmigrated apps: allauth, cloudinary, cloudinary_storage, kakao, messages, naver, staticfiles
  Apply all migrations: account, admin, artclass, auth, autoarticle, contenttypes, core, fortune, insights, padlet_bot, portfolio, products, school_violence, sessions, signatures, sites, socialaccount
Synchronizing apps without migrations:
  Creating tables...
    Running deferred SQL...
Running migrations:
  Applying contenttypes.0001_initial... OK
  Applying auth.0001_initial... OK
  Applying account.0001_initial... OK
  Applying account.0002_email_max_length... OK
  Applying account.0003_alter_emailaddress_create_unique_verified_email... OK
  Applying account.0004_alter_emailaddress_drop_unique_email... OK
  Applying account.0005_emailaddress_idx_upper_email... OK
  Applying account.0006_emailaddress_lower... OK
  Applying account.0007_emailaddress_idx_email... OK
  Applying account.0008_emailaddress_unique_primary_email_fixup... OK
  Applying account.0009_emailaddress_unique_primary_email... OK
  Applying admin.0001_initial... OK
  Applying admin.0002_logentry_remove_auto_add... OK
  Applying admin.0003_logentry_add_action_flag_choices... OK
  Applying artclass.0001_initial... OK
  Applying artclass.0002_artclass_is_shared_artclass_view_count... OK
  Applying contenttypes.0002_remove_content_type_name... OK
  Applying auth.0002_alter_permission_name_max_length... OK
  Applying auth.0003_alter_user_email_max_length... OK
  Applying auth.0004_alter_user_username_opts... OK
  Applying auth.0005_alter_user_last_login_null... OK
  Applying auth.0006_require_contenttypes_0002... OK
  Applying auth.0007_alter_validators_add_error_messages... OK
  Applying auth.0008_alter_user_username_max_length... OK
  Applying auth.0009_alter_user_last_name_max_length... OK
  Applying auth.0010_alter_group_name_max_length... OK
  Applying auth.0011_update_proxy_permissions... OK
  Applying auth.0012_alter_user_first_name_max_length... OK
  Applying autoarticle.0001_initial... OK
  Applying autoarticle.0002_generatedarticle_event_date_and_more... OK
  Applying core.0001_initial... OK
  Applying core.0002_userprofile_role... OK
  Applying core.0003_userprofile_nickname... OK
  Applying core.0004_userprofile_padlet_api_key... OK
  Applying fortune.0001_initial... OK
  Applying fortune.0002_interpretationrule... OK
  Applying fortune.0003_fortuneresult... OK
  Applying insights.0001_initial... OK
  Applying insights.0002_insight_category_alter_insight_video_url... OK
  Applying insights.0003_insight_likes... OK
  Applying padlet_bot.0001_initial... OK
  Applying padlet_bot.0002_linkedpadletboard... OK
  Applying padlet_bot.0003_alter_linkedpadletboard_board_id... OK
  Applying padlet_bot.0004_chatsession_chatmessage... OK
  Applying portfolio.0001_initial... OK
  Applying portfolio.0002_alter_inquiry_options_alter_inquiry_message_and_more... OK
  Applying products.0001_initial... OK
  Applying products.0002_product_image... OK
  Applying products.0003_userownedproduct... OK
  Applying products.0004_add_yut_product... OK
  Applying products.0005_product_is_featured... OK
  Applying products.0006_product_card_size_product_color_theme_and_more... OK
  Applying products.0007_alter_product_card_size_alter_product_color_theme_and_more... OK
  Applying products.0008_productfeature... OK
  Applying products.0009_update_prompt_recipe_size... OK
  Applying products.0010_add_saju_product... OK
  Applying products.0011_add_dutyticker_product... OK
  Applying products.0012_add_signatures_product... OK
  Applying products.0013_product_lead_text... OK
  Applying products.0014_dtrole_dtschedule_dtsettings_dtstudent_and_more... OK
  Applying products.0015_dtsettings_last_broadcast_message_and_more... OK
  Applying products.0016_dtsettings_mission_desc_dtsettings_mission_title... OK
  Applying products.0017_product_is_guest_allowed... OK
  Applying school_violence.0001_initial... OK
  Applying school_violence.0002_chatsession_chatmessage... OK
  Applying sessions.0001_initial... OK
  Applying signatures.0001_initial... OK
  Applying signatures.0002_signature_participant_affiliation... OK
  Applying signatures.0003_signaturestyle... OK
  Applying signatures.0004_savedsignature... OK
  Applying sites.0001_initial... OK
  Applying sites.0002_alter_domain_unique... OK
  Applying socialaccount.0001_initial... OK
  Applying socialaccount.0002_token_max_lengths... OK
  Applying socialaccount.0003_extra_data_default_dict... OK
  Applying socialaccount.0004_app_provider_id_settings... OK
  Applying socialaccount.0005_socialtoken_nullable_app... OK
test_learn_style_and_retrieve (autoarticle.test
s.test_rag.StyleRAGServiceTest.test_learn_style
_and_retrieve) ... ERROR

===============================================
=======================
ERROR: test_learn_style_and_retrieve (autoartic
le.tests.test_rag.StyleRAGServiceTest.test_lear
n_style_and_retrieve)
-----------------------------------------------
-----------------------
Traceback (most recent call last):
  File "C:\Users\kakio\eduitit\autoarticle\test
s\test_rag.py", line 24, in tearDown
    shutil.rmtree(self.test_dir)
    ~~~~~~~~~~~~~^^^^^^^^^^^^^^^
  File "C:\Program Files\Python313\Lib\shutil.p
y", line 790, in rmtree
    return _rmtree_unsafe(path, onexc)
  File "C:\Program Files\Python313\Lib\shutil.p
y", line 629, in _rmtree_unsafe
    onexc(os.unlink, fullname, err)
    ~~~~~^^^^^^^^^^^^^^^^^^^^^^^^^^
  File "C:\Program Files\Python313\Lib\shutil.p
y", line 625, in _rmtree_unsafe
    os.unlink(fullname)
    ~~~~~~~~~^^^^^^^^^^
PermissionError: [WinError 32] 다른 프로세스가 파일을 사용 
중이기 때문에 프로세스가 액세스 할 수 없습니다: 'C:\\Users\\kakio\\
AppData\\Local\\Temp\\tmp67oospne\\5b6558d3-17e
9-48f2-82e1-056bd64f7668\\data_level0.bin'

-----------------------------------------------
-----------------------
Ran 1 test in 1.703s

FAILED (errors=1)
Destroying test database for alias 'default' ('
file:memorydb_default?mode=memory&cache=shared'
)...

  Applying socialaccount.0006_alter_socialaccount_extra_data... OK
System check identified no issues (0 silenced).
